
Compiling lib\main.dart for the Web...                          
C:\flutter\bin\flutter.bat : Warning: In index.html:93: 
"FlutterLoader.loadEntrypoint" is deprecated. Use "FlutterLoader.load" 
instead. See https://docs.flutter.dev/platform-integration/web/initialization 
for more details.
No linha:1 caractere:136
+ ... eb-deploy'; C:\flutter\bin\flutter.bat build web --release --web-rend ...
+                 ~~~~~~~~~~~~~~~~~~~~~~~~~~~~~~~~~~~~~~~~~~~~~~~~~~~~~~~~~
    + CategoryInfo          : NotSpecified: (Warning: In ind...r more details. 
   :String) [], RemoteException
    + FullyQualifiedErrorId : NativeCommandError
 
Target dart2js failed: ProcessException: Process exited abnormally with exit 
code 1:
lib/screens/movimentacoes_screen.dart:625:7:
Error: Expected ';' after this.
      ),
      ^
lib/screens/movimentacoes_screen.dart:625:8:
Error: Expected an identifier, but got ','.
      ),
       ^
lib/screens/movimentacoes_screen.dart:625:8:
Error: Unexpected token ';'.
      ),
       ^
lib/screens/movimentacoes_screen.dart:626:5:
Error: Expected an identifier, but got ')'.
    );
    ^
lib/screens/movimentacoes_screen.dart:625:8:
Error: Expected ';' after this.
      ),
       ^
lib/screens/movimentacoes_screen.dart:626:5:
Error: Unexpected token ';'.
    );
    ^
Error: Compilation failed.
  Command: C:\flutter\bin\cache\dart-sdk\bin\dart.exe --disable-dart-dev 
C:\flutter\bin\cache\dart-sdk\bin\snapshots\dart2js.dart.snapshot 
--platform-binaries=C:\flutter\bin\cache\flutter_web_sdk\kernel 
--invoker=flutter_tool -Ddart.vm.product=true -DFLUTTER_WEB_AUTO_DETECT=false 
-DFLUTTER_WEB_USE_SKIA=true -DFLUTTER_WEB_CANVASKIT_URL=https://www.gstatic.com
/flutter-canvaskit/b8800d88be4866db1b15f8b954ab2573bba9960f/ 
--native-null-assertions --no-source-maps -o C:\Users\RonaldoDev\3D 
Objects\modificando esses\Aplicativo para controle de estoque 3 celulares\sorve
teria-web-deploy\.dart_tool\flutter_build\458e4d88ecd75baf48682554536eaf3a\app.
dill --packages=.dart_tool/package_config.json --cfe-only 
C:\Users\RonaldoDev\3D Objects\modificando esses\Aplicativo para controle de 
estoque 3 celulares\sorveteria-web-deploy\.dart_tool\flutter_build\458e4d88ecd7
5baf48682554536eaf3a\main.dart
#0      RunResult.throwException 
(package:flutter_tools/src/base/process.dart:122:5)
#1      _DefaultProcessUtils.run 
(package:flutter_tools/src/base/process.dart:370:19)
<asynchronous suspension>
#2      Dart2JSTarget.build 
(package:flutter_tools/src/build_system/targets/web.dart:203:5)
<asynchronous suspension>
#3      _BuildInstance._invokeInternal 
(package:flutter_tools/src/build_system/build_system.dart:875:9)
<asynchronous suspension>
#4      Future.wait.<anonymous closure> (dart:async/future.dart:534:21)
<asynchronous suspension>
#5      _BuildInstance.invokeTarget 
(package:flutter_tools/src/build_system/build_system.dart:813:32)
<asynchronous suspension>
#6      Future.wait.<anonymous closure> (dart:async/future.dart:534:21)
<asynchronous suspension>
#7      _BuildInstance.invokeTarget 
(package:flutter_tools/src/build_system/build_system.dart:813:32)
<asynchronous suspension>
#8      FlutterBuildSystem.build 
(package:flutter_tools/src/build_system/build_system.dart:635:16)
<asynchronous suspension>
#9      WebBuilder.buildWeb (package:flutter_tools/src/web/compile.dart:92:34)
<asynchronous suspension>
#10     BuildWebCommand.runCommand 
(package:flutter_tools/src/commands/build_web.dart:227:5)
<asynchronous suspension>
#11     FlutterCommand.run.<anonymous closure> 
(package:flutter_tools/src/runner/flutter_command.dart:1408:27)
<asynchronous suspension>
#12     AppContext.run.<anonymous closure> 
(package:flutter_tools/src/base/context.dart:153:19)
<asynchronous suspension>
#13     CommandRunner.runCommand (package:args/command_runner.dart:212:13)
<asynchronous suspension>
#14     FlutterCommandRunner.runCommand.<anonymous closure> 
(package:flutter_tools/src/runner/flutter_command_runner.dart:420:9)
<asynchronous suspension>
#15     AppContext.run.<anonymous closure> 
(package:flutter_tools/src/base/context.dart:153:19)
<asynchronous suspension>
#16     FlutterCommandRunner.runCommand 
(package:flutter_tools/src/runner/flutter_command_runner.dart:364:5)
<asynchronous suspension>
#17     run.<anonymous closure>.<anonymous closure> 
(package:flutter_tools/runner.dart:130:9)
<asynchronous suspension>
#18     AppContext.run.<anonymous closure> 
(package:flutter_tools/src/base/context.dart:153:19)
<asynchronous suspension>
#19     main (package:flutter_tools/executable.dart:93:3)
<asynchronous suspension>

Compiling lib\main.dart for the Web...                             31,8s
Error: Failed to compile application for the Web.
